Op#	ALUSel	InputA		InputB		ALU_Output
00	7	ffffabcd	00000005	00000001
01	7	00000005	ffffabcd	00000000
02	c	00000004	00000003	00000001
03	c	fff00007	ffff0009	fff0fffe
04	d	88dcd902	00000001	00000001
05	d	f819cd72	00000002	00000002
