ra:  00000000 sp:  00000000 t0:  00000000 t1:  00000000 t2:  00000000 s0:  00000000 s1:  00000000 a0:  00000000 PC:  00000000 inst:  ffc10113 Time_Step:  0000
ra:  00000000 sp:  00000000 t0:  00000000 t1:  00000000 t2:  00000000 s0:  00000000 s1:  00000000 a0:  00000000 PC:  00000004 inst:  123452b7 Time_Step:  0001
ra:  00000000 sp:  fffffffc t0:  00000000 t1:  00000000 t2:  00000000 s0:  00000000 s1:  00000000 a0:  00000000 PC:  00000008 inst:  67828293 Time_Step:  0002
ra:  00000000 sp:  fffffffc t0:  12345000 t1:  00000000 t2:  00000000 s0:  00000000 s1:  00000000 a0:  00000000 PC:  0000000c inst:  00512023 Time_Step:  0003
ra:  00000000 sp:  fffffffc t0:  12345678 t1:  00000000 t2:  00000000 s0:  00000000 s1:  00000000 a0:  00000000 PC:  00000010 inst:  00012303 Time_Step:  0004
ra:  00000000 sp:  fffffffc t0:  12345678 t1:  00000000 t2:  00000000 s0:  00000000 s1:  00000000 a0:  00000000 PC:  00000014 inst:  00011303 Time_Step:  0005
ra:  00000000 sp:  fffffffc t0:  12345678 t1:  00000000 t2:  00000000 s0:  00000000 s1:  00000000 a0:  00000000 PC:  00000018 inst:  00111303 Time_Step:  0006
ra:  00000000 sp:  fffffffc t0:  12345678 t1:  00000000 t2:  00000000 s0:  00000000 s1:  00000000 a0:  00000000 PC:  0000001c inst:  00211303 Time_Step:  0007
ra:  00000000 sp:  fffffffc t0:  12345678 t1:  00000000 t2:  00000000 s0:  00000000 s1:  00000000 a0:  00000000 PC:  00000020 inst:  00010303 Time_Step:  0008
ra:  00000000 sp:  fffffffc t0:  12345678 t1:  00000000 t2:  00000000 s0:  00000000 s1:  00000000 a0:  00000000 PC:  00000024 inst:  00110303 Time_Step:  0009
ra:  00000000 sp:  fffffffc t0:  12345678 t1:  00000000 t2:  00000000 s0:  00000000 s1:  00000000 a0:  00000000 PC:  00000028 inst:  00210303 Time_Step:  000a
ra:  00000000 sp:  fffffffc t0:  12345678 t1:  00000000 t2:  00000000 s0:  00000000 s1:  00000000 a0:  00000000 PC:  0000002c inst:  00310303 Time_Step:  000b
ra:  00000000 sp:  fffffffc t0:  12345678 t1:  00000000 t2:  00000000 s0:  00000000 s1:  00000000 a0:  00000000 PC:  00000030 inst:  00000000 Time_Step:  000c
ra:  00000000 sp:  fffffffc t0:  12345678 t1:  00000000 t2:  00000000 s0:  00000000 s1:  00000000 a0:  00000000 PC:  00000034 inst:  00000000 Time_Step:  000d
